MIF/HEX Update report for AP9
Tue Dec 12 15:23:18 2017
Quartus II 64-Bit Version 13.0.1 Build 232 06/12/2013 Service Pack 1 SJ Full Version


---------------------
; Table of Contents ;
---------------------
  1. Legal Notice
  2. MIF/HEX Update Summary
  3. MIF/HEX Update Processed Files
  4. MIF/HEX Update Messages



----------------
; Legal Notice ;
----------------
Copyright (C) 1991-2013 Altera Corporation
Your use of Altera Corporation's design tools, logic functions 
and other software and tools, and its AMPP partner logic 
functions, and any output files from any of the foregoing 
(including device programming or simulation files), and any 
associated documentation or information are expressly subject 
to the terms and conditions of the Altera Program License 
Subscription Agreement, Altera MegaCore Function License 
Agreement, or other applicable license agreement, including, 
without limitation, that your use is for the sole purpose of 
programming logic devices manufactured by Altera and sold by 
Altera or its authorized distributors.  Please refer to the 
applicable agreement for further details.



+---------------------------------------------------------------+
; MIF/HEX Update Summary                                        ;
+-----------------------+---------------------------------------+
; MIF/HEX Update Status ; Successful - Tue Dec 12 15:23:18 2017 ;
; Revision Name         ; AP9                                   ;
; Top-level Entity Name ; AP9                                   ;
; Family                ; Cyclone V                             ;
; Device                ; 5CEBA4F23C7                           ;
+-----------------------+---------------------------------------+


+---------------------------------------------------------------------------+
; MIF/HEX Update Processed Files                                            ;
+---------------------------------------------------------------------------+
; File Name                                                                 ;
+---------------------------------------------------------------------------+
; C:/Users/10369014/Downloads/Keyviewer/AP9 - DE0-CV - NOCPU/charmap.mif    ;
; C:/Users/10369014/Downloads/Keyviewer/AP9 - DE0-CV - NOCPU/video_mem1.mif ;
; C:/Users/10369014/Downloads/Keyviewer/AP9 - DE0-CV - NOCPU/video_mem2.mif ;
+---------------------------------------------------------------------------+


+-------------------------+
; MIF/HEX Update Messages ;
+-------------------------+
Info: *******************************************************************
Info: Running Quartus II 64-Bit MIF/HEX Update
    Info: Version 13.0.1 Build 232 06/12/2013 Service Pack 1 SJ Full Version
    Info: Processing started: Tue Dec 12 15:22:18 2017
Info: Command: quartus_cdb AP9 -c AP9 --update_mif
Info (39024): Processed the following Memory Initialization File(s)
    Info (39025): Processed Memory Initialization File C:/Users/10369014/Downloads/Keyviewer/AP9 - DE0-CV - NOCPU/charmap.mif
    Info (39025): Processed Memory Initialization File C:/Users/10369014/Downloads/Keyviewer/AP9 - DE0-CV - NOCPU/video_mem1.mif
    Info (39025): Processed Memory Initialization File C:/Users/10369014/Downloads/Keyviewer/AP9 - DE0-CV - NOCPU/video_mem2.mif
Info: Quartus II 64-Bit MIF/HEX Update was successful. 0 errors, 0 warnings
    Info: Peak virtual memory: 794 megabytes
    Info: Processing ended: Tue Dec 12 15:23:18 2017
    Info: Elapsed time: 00:01:00
    Info: Total CPU time (on all processors): 00:00:30


